[2026-09-28 16:59:03] Partida iniciada: jugador=JUGADOR, nivel=Facil
[2026-09-28 17:00:04] Partida iniciada: jugador=JUGADOR, nivel=Facil
[2026-09-28 17:33:54] Partida iniciada: jugador=JUGADOR, nivel=Dificil
[2026-09-28 17:35:07] Partida iniciada: jugador=JUGADOR, nivel=Dificil
[2026-09-28 17:37:03] Partida iniciada: jugador=JUGADOR, nivel=Facil
[2026-09-28 17:37:34] Partida finalizada: JUGADOR      | Facil    | Intentos: 19 | Tiempo:00:30 | Puntos:  960 | 28/09/2026 17:37
[2026-09-28 17:39:25] Partida iniciada: jugador=JUGADOR, nivel=Facil
[2026-09-28 17:39:49] Partida finalizada: JUGADOR      | Facil    | Intentos: 16 | Tiempo:00:24 | Puntos:  996 | 28/09/2026 17:39
[2026-09-29 11:28:23] Partida iniciada: jugador=JUGADOR, nivel=Medio
[2026-09-29 11:29:19] Partida finalizada: JUGADOR      | Medio    | Intentos: 31 | Tiempo:00:55 | Puntos: 1255 | 29/09/2026 11:29
[2026-09-29 11:29:25] Partida iniciada: jugador=JUGADOR, nivel=Dificil
[2026-09-29 11:30:28] Partida iniciada: jugador=JUGADOR, nivel=Dificil
[2026-09-29 11:31:50] Partida iniciada: jugador=JUGADOR, nivel=Dificil
[2026-09-29 11:32:34] Partida iniciada: jugador=JUGADOR, nivel=Facil
[2026-09-29 11:33:11] Partida finalizada: JUGADOR      | Facil    | Intentos: 14 | Tiempo:00:37 | Puntos: 1003 | 29/09/2026 11:33
[2026-09-29 11:33:17] Partida iniciada: jugador=JUGADOR, nivel=Medio
[2026-09-29 11:34:03] Partida iniciada: jugador=JUGADOR, nivel=Dificil
[2026-09-29 11:47:08] Partida iniciada: jugador=JUGADOR, nivel=Imposible
[2026-09-29 11:47:26] Partida iniciada: jugador=JUGADOR, nivel=Imposible
[2026-09-29 11:47:48] Partida iniciada: jugador=JUGADOR, nivel=Imposible
[2026-09-29 11:48:02] Partida iniciada: jugador=JUGADOR, nivel=Imposible
[2026-09-29 11:48:27] Partida iniciada: jugador=JUGADOR, nivel=Imposible
[2026-09-29 11:49:00] Partida iniciada: jugador=JUGADOR, nivel=Imposible
[2026-09-29 12:14:43] Partida iniciada: jugador=JUGADOR, nivel=Imposible
[2026-09-29 12:22:39] Partida iniciada: jugador=JUGADOR, nivel=Imposible
[2026-09-29 12:26:24] Partida iniciada: jugador=JUGADOR, nivel=Imposible
[2026-09-29 12:30:31] Partida iniciada: jugador=JUGADOR, nivel=Imposible
